// Jest Snapshot v1, https://goo.gl/fbAQLP

exports[`Pruebas en <PrimeraApp /> debe mostrar <PrimeraApp /> correctamennte 1`] = `
<Fragment>
  <h1>
    Hola, soy Mariano
  </h1>
  <p>
    Soy un subt√≠tulo
  </p>
</Fragment>
`;
